// Vitest Snapshot v1, https://vitest.dev/guide/snapshot.html

exports[`emitSchemaSource（白名单内往返保真） > object + 约束 + enum + optional/default 复合 schema 1`] = `
"z.object({
	id: z.number().int(),
	order_no: z.string().min(1).max(32),
	email: z.string().email().optional(),
	price: z.number().min(0).max(9999),
	tags: z.array(z.string()).optional(),
	status: z.enum(["open","closed"]).default("open"),
	note: z.string().nullable(),
})"
`;
